// Jest Snapshot v1, https://goo.gl/fbAQLP

exports[`kube-object-list-layout given pod store renders 1`] = `
<body>
  <div>
    <div>
      <div
        class="ItemListLayout flex column KubeObjectListLayout Pods"
      >
        <div
          class="header flex gaps align-center"
        >
          <h5
            class="title"
          >
            Pods
          </h5>
          <div
            class="info-panel box grow"
          >
            0 items
          </div>
          <div
            class="NamespaceSelectFilterParent"
            data-testid="namespace-select-filter"
          >
            <div
              class="Select theme-dark NamespaceSelect NamespaceSelectFilter css-b62m3t-container"
            >
              <span
                class="css-1f43avz-a11yText-A11yText"
                id="react-select-kube-object-list-layout-namespace-select-input-live-region"
              />
              <span
                aria-atomic="false"
                aria-live="polite"
                aria-relevant="additions text"
                class="css-1f43avz-a11yText-A11yText"
              />
              <div
                class="Select__control css-13cymwt-control"
              >
                <div
                  class="Select__value-container Select__value-container--is-multi css-hlgwow"
                >
                  <div
                    class="Select__placeholder css-1jqq78o-placeholder"
                    id="react-select-kube-object-list-layout-namespace-select-input-placeholder"
                  >
                    All namespaces
                  </div>
                  <div
                    class="Select__input-container css-19bb58m"
                    data-value=""
                  >
                    <input
                      aria-autocomplete="list"
                      aria-describedby="react-select-kube-object-list-layout-namespace-select-input-placeholder"
                      aria-expanded="false"
                      aria-haspopup="true"
                      autocapitalize="none"
                      autocomplete="off"
                      autocorrect="off"
                      class="Select__input"
                      id="kube-object-list-layout-namespace-select-input"
                      role="combobox"
                      spellcheck="false"
                      style="opacity: 1; width: 100%; grid-area: 1 / 2; min-width: 2px; border: 0px; margin: 0px; outline: 0; padding: 0px;"
                      tabindex="0"
                      type="text"
                      value=""
                    />
                  </div>
                </div>
                <div
                  class="Select__indicators css-1wy0on6"
                >
                  <span
                    class="Select__indicator-separator css-1u9des2-indicatorSeparator"
                  />
                  <div
                    aria-hidden="true"
                    class="Select__indicator Select__dropdown-indicator css-1xc3v61-indicatorContainer"
                  >
                    <svg
                      aria-hidden="true"
                      class="css-tj5bde-Svg"
                      focusable="false"
                      height="20"
                      viewBox="0 0 20 20"
                      width="20"
                    >
                      <path
                        d="M4.516 7.548c0.436-0.446 1.043-0.481 1.576 0l3.908 3.747 3.908-3.747c0.533-0.481 1.141-0.446 1.574 0 0.436 0.445 0.408 1.197 0 1.615-0.406 0.418-4.695 4.502-4.695 4.502-0.217 0.223-0.502 0.335-0.787 0.335s-0.57-0.112-0.789-0.335c0 0-4.287-4.084-4.695-4.502s-0.436-1.17 0-1.615z"
                      />
                    </svg>
                  </div>
                </div>
              </div>
            </div>
          </div>
        </div>
        <div
          class="items box grow flex column"
        >
          <div
            class="Table flex column KubeObjectListLayout Pods box grow dark selectable scrollable sortable autoSize virtual"
          >
            <div
              class="TableHead sticky nowrap topLine"
            >
              <div
                class="TableCell checkbox"
              >
                <label
                  class="Checkbox flex align-center"
                >
                  <input
                    type="checkbox"
                  />
                  <i
                    class="box flex align-center"
                  />
                </label>
              </div>
              <div
                class="TableCell name nowrap sorting"
                id="name"
              >
                <div
                  class="content"
                >
                  Name
                </div>
                <i
                  class="Icon sortIcon material focusable"
                >
                  <span
                    class="icon"
                    data-icon-name="arrow_drop_down"
                  >
                    arrow_drop_down
                  </span>
                </i>
              </div>
              <div
                class="TableCell warning nowrap"
              >
                <div
                  class="content"
                />
              </div>
              <div
                class="TableCell namespace nowrap sorting"
                id="namespace"
              >
                <div
                  class="content"
                >
                  Namespace
                </div>
                <i
                  class="Icon sortIcon material focusable"
                >
                  <span
                    class="icon"
                    data-icon-name="arrow_drop_down"
                  >
                    arrow_drop_down
                  </span>
                </i>
              </div>
              <div
                class="TableCell containers nowrap sorting"
                id="containers"
              >
                <div
                  class="content"
                >
                  Containers
                </div>
                <i
                  class="Icon sortIcon material focusable"
                >
                  <span
                    class="icon"
                    data-icon-name="arrow_drop_down"
                  >
                    arrow_drop_down
                  </span>
                </i>
              </div>
              <div
                class="TableCell restarts nowrap sorting"
                id="restarts"
              >
                <div
                  class="content"
                >
                  Restarts
                </div>
                <i
                  class="Icon sortIcon material focusable"
                >
                  <span
                    class="icon"
                    data-icon-name="arrow_drop_down"
                  >
                    arrow_drop_down
                  </span>
                </i>
              </div>
              <div
                class="TableCell owners nowrap sorting"
                id="owners"
              >
                <div
                  class="content"
                >
                  Controlled By
                </div>
                <i
                  class="Icon sortIcon material focusable"
                >
                  <span
                    class="icon"
                    data-icon-name="arrow_drop_down"
                  >
                    arrow_drop_down
                  </span>
                </i>
              </div>
              <div
                class="TableCell node nowrap sorting"
                id="node"
              >
                <div
                  class="content"
                >
                  Node
                </div>
                <i
                  class="Icon sortIcon material focusable"
                >
                  <span
                    class="icon"
                    data-icon-name="arrow_drop_down"
                  >
                    arrow_drop_down
                  </span>
                </i>
              </div>
              <div
                class="TableCell qos nowrap sorting"
                id="qos"
              >
                <div
                  class="content"
                >
                  QoS
                </div>
                <i
                  class="Icon sortIcon material focusable"
                >
                  <span
                    class="icon"
                    data-icon-name="arrow_drop_down"
                  >
                    arrow_drop_down
                  </span>
                </i>
              </div>
              <div
                class="TableCell age nowrap sorting"
                id="age"
              >
                <div
                  class="content"
                >
                  Age
                </div>
                <i
                  class="Icon sortIcon material focusable"
                >
                  <span
                    class="icon"
                    data-icon-name="arrow_drop_down"
                  >
                    arrow_drop_down
                  </span>
                </i>
              </div>
              <div
                class="TableCell status nowrap sorting"
                id="status"
              >
                <div
                  class="content"
                >
                  Status
                </div>
                <i
                  class="Icon sortIcon material focusable"
                >
                  <span
                    class="icon"
                    data-icon-name="arrow_drop_down"
                  >
                    arrow_drop_down
                  </span>
                </i>
              </div>
              <div
                class="TableCell menu nowrap"
              >
                <div
                  class="content"
                >
                  <i
                    class="Icon material interactive focusable"
                    id="menu-actions-for-item-object-list-content"
                    tabindex="0"
                  >
                    <span
                      class="icon"
                      data-icon-name="more_vert"
                    >
                      more_vert
                    </span>
                  </i>
                </div>
              </div>
            </div>
            <div
              class="Spinner singleColor center"
              data-testid="kube-object-list-layout-spinner"
            />
          </div>
          <div
            class="AddRemoveButtons flex gaps"
          />
        </div>
      </div>
    </div>
  </div>
</body>
`;
