// Jest Snapshot v1, https://goo.gl/fbAQLP

exports[`<CustomResourceDetails /> with a CRD with a boolean field should display false in an additionalPrinterColumn as 'false' 1`] = `
<div>
  <div
    class="CustomResourceDetails MyCrd"
  >
    <div
      class="DrawerItem"
    >
      <span
        class="name"
      >
        My Field
      </span>
      <span
        class="value"
      >
        <div
          class="badge false"
        >
          False
        </div>
      </span>
    </div>
  </div>
</div>
`;

exports[`<CustomResourceDetails /> with a CRD with a boolean field should display true in an additionalPrinterColumn as 'true' 1`] = `
<div>
  <div
    class="CustomResourceDetails MyCrd"
  >
    <div
      class="DrawerItem"
    >
      <span
        class="name"
      >
        My Field
      </span>
      <span
        class="value"
      >
        <div
          class="badge true"
        >
          True
        </div>
      </span>
    </div>
  </div>
</div>
`;

exports[`<CustomResourceDetails /> with a CRD with a number field should display 0 in an additionalPrinterColumn as '0' 1`] = `
<div>
  <div
    class="CustomResourceDetails MyCrd"
  >
    <div
      class="DrawerItem"
    >
      <span
        class="name"
      >
        My Field
      </span>
      <span
        class="value"
      >
        0
      </span>
    </div>
  </div>
</div>
`;

exports[`<CustomResourceDetails /> with a CRD with a number field should display 1234 in an additionalPrinterColumn as '1234' 1`] = `
<div>
  <div
    class="CustomResourceDetails MyCrd"
  >
    <div
      class="DrawerItem"
    >
      <span
        class="name"
      >
        My Field
      </span>
      <span
        class="value"
      >
        1234
      </span>
    </div>
  </div>
</div>
`;
